  build-catalogue: 53 skills, 9 groups, 53 icons -> public/icons/
  build-catalogue: 28 carry a "NOT for" boundary; 7 referrals point outside this marketplace (skill-creator, create-diolog-guides, that, create-voice-persona, email-mockups, intent-layer, the)
catalogue-before=5a8e81704842ce2a8b65e1474beea889f3de6642217cff55b2c895a1b934452a
catalogue-after=5a8e81704842ce2a8b65e1474beea889f3de6642217cff55b2c895a1b934452a
site/lib/catalogue.json:64:      "version": "1.6.5",
site/lib/catalogue.json:93:      "version": "2.2.1",
site/lib/catalogue.json:141:      "version": "1.1.0",
site/lib/catalogue.json:182:      "version": "1.12.1",
site/lib/catalogue.json:225:      "version": "2.3.0",
site/lib/catalogue.json:260:      "version": "0.3.0",
site/lib/catalogue.json:307:      "version": "3.4.1",
site/lib/catalogue.json:336:      "version": "2.4.0",
site/lib/catalogue.json:364:      "version": "2.3.0",
site/lib/catalogue.json:394:      "version": "1.7.1",
site/lib/catalogue.json:423:      "version": "1.3.0",
site/lib/catalogue.json:462:      "version": "1.4.1",
site/lib/catalogue.json:503:      "version": "0.4.0",
site/lib/catalogue.json:550:      "version": "2.4.0",
site/lib/catalogue.json:585:      "version": "1.1.0",
site/lib/catalogue.json:617:      "version": "4.3.0",
site/lib/catalogue.json:654:      "version": "2.2.0",
site/lib/catalogue.json:697:      "version": "2.2.0",
site/lib/catalogue.json:735:      "version": "2.3.0",
site/lib/catalogue.json:787:      "version": "1.5.0",
plugin-version 0.16.2
marketplace-version 0.16.2
catalogue-version 0.16.2 matches 1
